
============================================================
📊 金价买入策略分析报告
============================================================
⏰ 分析时间: 2026-10-09 23:00:48
💰 当前金价: 902.82 元/克
📈 今日涨跌: +1.52%
🕐 报价时间: 2026-10-09 23:00:46
📚 历史数据: 5000 条记录
------------------------------------------------------------

📋 各策略分析结果:

  🔴 暂不建议 日跌幅策略
     └─ 今日上涨 1.52%，不建议追高

  🟢 强烈买入 分时均线策略
     └─ 价格 902.82 低于所有分时均线！(MA5(1.2h)=902.98, MA10(2.5h)=903.64, MA20(5.0h)=903.10)

  🟡 建议买入 日均线策略
     └─ 价格 902.82 低于部分日均线 (MA5d=902.68, MA10d=904.16, MA20d=916.91)

  ⚪ 观望等待 RSI策略
     └─ RSI=48.4 处于中性区域

  ⚪ 观望等待 回调策略
     └─ 从高点 907.10 小幅回调 0.5%

  ⚪ 观望等待 布林带策略
     └─ 价格 902.82 在布林带中部（下=901.12, 中=903.10, 上=905.09）

  ⚪ 观望等待 连续下跌策略
     └─ 价格无明显连续趋势

------------------------------------------------------------
🤖 8分钟高频日内量化策略状态:
  当前仓位: ⚪ 空仓 (无持仓)
  当前指标: 价格=902.82, RSI=53.5, 布林下轨=901.07, 布林上轨=905.14, ATR=0.66
------------------------------------------------------------
📈 实际持仓成本追踪状态:
  状态: ⚪ 未配置实际成本价 (可设置代码头部全局变量 GOLD_COST 启用)

============================================================

[mode] 📭 未持仓模式：监控买入时机
